2026-10-02 09:31:05,420 - INFO - Limpando arquivos antigos em /home/runner/work/josieljluz.github.io.../josieljluz.github.io......
2026-10-02 09:31:05,420 - INFO - Arquivo removido: epgportugal.xml.gz
2026-10-02 09:31:05,420 - INFO - Arquivo removido: epgportugal.m3u
2026-10-02 09:31:05,420 - INFO - Arquivo removido: epgbrasil.xml.gz
2026-10-02 09:31:05,420 - INFO - Arquivo removido: epgbrasil.m3u
2026-10-02 09:31:05,420 - INFO - Iniciando downloads...
2026-10-02 09:31:05,420 - INFO - Tentativa 1 de 3: Baixando de: http://m3u4u.com/m3u/3wk1y24kx7uzdevxygz7
2026-10-02 09:31:05,421 - INFO - Tentativa 1 de 3: Baixando de: http://m3u4u.com/m3u/782dyqdrqkh1xegen4zp
2026-10-02 09:31:05,421 - INFO - Tentativa 1 de 3: Baixando de: http://m3u4u.com/m3u/jq2zy9epr3bwxmgwyxr5
2026-10-02 09:31:05,421 - INFO - Tentativa 1 de 3: Baixando de: https://gitlab.com/josieljefferson12/playlists/-/raw/main/PiauiTV.m3u
2026-10-02 09:31:05,421 - INFO - Tentativa 1 de 3: Baixando de: https://gitlab.com/josieljefferson12/playlists/-/raw/main/m3u4u_proton.me.m3u
2026-10-02 09:31:05,600 - ERROR - Falha ao baixar https://gitlab.com/josieljefferson12/playlists/-/raw/main/m3u4u_proton.me.m3u. Código: 403
2026-10-02 09:31:05,600 - ERROR - Erro na tentativa 1 de 3: Falha ao baixar https://gitlab.com/josieljefferson12/playlists/-/raw/main/m3u4u_proton.me.m3u. Código: 403
2026-10-02 09:31:05,600 - INFO - Aguardando 2 segundos antes de tentar novamente...
2026-10-02 09:31:05,643 - ERROR - Falha ao baixar https://gitlab.com/josieljefferson12/playlists/-/raw/main/PiauiTV.m3u. Código: 403
2026-10-02 09:31:05,643 - ERROR - Erro na tentativa 1 de 3: Falha ao baixar https://gitlab.com/josieljefferson12/playlists/-/raw/main/PiauiTV.m3u. Código: 403
2026-10-02 09:31:05,643 - INFO - Aguardando 2 segundos antes de tentar novamente...
2026-10-02 09:31:05,812 - ERROR - Falha ao baixar http://m3u4u.com/m3u/782dyqdrqkh1xegen4zp. Código: 404
2026-10-02 09:31:05,812 - ERROR - Erro na tentativa 1 de 3: Falha ao baixar http://m3u4u.com/m3u/782dyqdrqkh1xegen4zp. Código: 404
2026-10-02 09:31:05,812 - INFO - Aguardando 2 segundos antes de tentar novamente...
2026-10-02 09:31:07,300 - INFO - Download concluído: /home/runner/work/josieljluz.github.io.../josieljluz.github.io.../epgbrasil.m3u (575422 bytes)
2026-10-02 09:31:07,301 - INFO - Hash MD5 do arquivo: f49e7db34748ac8a9807f453fc66c3cc
2026-10-02 09:31:07,301 - INFO - Tentativa 1 de 3: Baixando de: https://gitlab.com/josieljefferson12/playlists/-/raw/main/playlist.m3u
2026-10-02 09:31:07,463 - ERROR - Falha ao baixar https://gitlab.com/josieljefferson12/playlists/-/raw/main/playlist.m3u. Código: 403
2026-10-02 09:31:07,463 - ERROR - Erro na tentativa 1 de 3: Falha ao baixar https://gitlab.com/josieljefferson12/playlists/-/raw/main/playlist.m3u. Código: 403
2026-10-02 09:31:07,464 - INFO - Aguardando 2 segundos antes de tentar novamente...
2026-10-02 09:31:07,487 - INFO - Download concluído: /home/runner/work/josieljluz.github.io.../josieljluz.github.io.../epgportugal.m3u (1972439 bytes)
2026-10-02 09:31:07,490 - INFO - Hash MD5 do arquivo: ea060b34a8722eeeaea5983a2f10b1d8
2026-10-02 09:31:07,491 - INFO - Tentativa 1 de 3: Baixando de: https://gitlab.com/josielluz/playlists/-/raw/main/playlists.m3u
2026-10-02 09:31:07,600 - INFO - Tentativa 2 de 3: Baixando de: https://gitlab.com/josieljefferson12/playlists/-/raw/main/m3u4u_proton.me.m3u
2026-10-02 09:31:07,645 - INFO - Tentativa 2 de 3: Baixando de: https://gitlab.com/josieljefferson12/playlists/-/raw/main/PiauiTV.m3u
2026-10-02 09:31:07,682 - ERROR - Falha ao baixar https://gitlab.com/josielluz/playlists/-/raw/main/playlists.m3u. Código: 403
2026-10-02 09:31:07,682 - ERROR - Erro na tentativa 1 de 3: Falha ao baixar https://gitlab.com/josielluz/playlists/-/raw/main/playlists.m3u. Código: 403
2026-10-02 09:31:07,683 - INFO - Aguardando 2 segundos antes de tentar novamente...
2026-10-02 09:31:07,774 - ERROR - Falha ao baixar https://gitlab.com/josieljefferson12/playlists/-/raw/main/m3u4u_proton.me.m3u. Código: 403
2026-10-02 09:31:07,774 - ERROR - Erro na tentativa 2 de 3: Falha ao baixar https://gitlab.com/josieljefferson12/playlists/-/raw/main/m3u4u_proton.me.m3u. Código: 403
2026-10-02 09:31:07,775 - INFO - Aguardando 4 segundos antes de tentar novamente...
2026-10-02 09:31:07,797 - ERROR - Falha ao baixar https://gitlab.com/josieljefferson12/playlists/-/raw/main/PiauiTV.m3u. Código: 403
2026-10-02 09:31:07,797 - ERROR - Erro na tentativa 2 de 3: Falha ao baixar https://gitlab.com/josieljefferson12/playlists/-/raw/main/PiauiTV.m3u. Código: 403
2026-10-02 09:31:07,797 - INFO - Aguardando 4 segundos antes de tentar novamente...
2026-10-02 09:31:07,815 - INFO - Tentativa 2 de 3: Baixando de: http://m3u4u.com/m3u/782dyqdrqkh1xegen4zp
2026-10-02 09:31:07,979 - ERROR - Falha ao baixar http://m3u4u.com/m3u/782dyqdrqkh1xegen4zp. Código: 404
2026-10-02 09:31:07,979 - ERROR - Erro na tentativa 2 de 3: Falha ao baixar http://m3u4u.com/m3u/782dyqdrqkh1xegen4zp. Código: 404
2026-10-02 09:31:07,979 - INFO - Aguardando 4 segundos antes de tentar novamente...
2026-10-02 09:31:09,466 - INFO - Tentativa 2 de 3: Baixando de: https://gitlab.com/josieljefferson12/playlists/-/raw/main/playlist.m3u
2026-10-02 09:31:09,634 - ERROR - Falha ao baixar https://gitlab.com/josieljefferson12/playlists/-/raw/main/playlist.m3u. Código: 403
2026-10-02 09:31:09,634 - ERROR - Erro na tentativa 2 de 3: Falha ao baixar https://gitlab.com/josieljefferson12/playlists/-/raw/main/playlist.m3u. Código: 403
2026-10-02 09:31:09,634 - INFO - Aguardando 4 segundos antes de tentar novamente...
2026-10-02 09:31:09,685 - INFO - Tentativa 2 de 3: Baixando de: https://gitlab.com/josielluz/playlists/-/raw/main/playlists.m3u
2026-10-02 09:31:09,903 - ERROR - Falha ao baixar https://gitlab.com/josielluz/playlists/-/raw/main/playlists.m3u. Código: 403
2026-10-02 09:31:09,903 - ERROR - Erro na tentativa 2 de 3: Falha ao baixar https://gitlab.com/josielluz/playlists/-/raw/main/playlists.m3u. Código: 403
2026-10-02 09:31:09,903 - INFO - Aguardando 4 segundos antes de tentar novamente...
2026-10-02 09:31:11,779 - INFO - Tentativa 3 de 3: Baixando de: https://gitlab.com/josieljefferson12/playlists/-/raw/main/m3u4u_proton.me.m3u
2026-10-02 09:31:11,801 - INFO - Tentativa 3 de 3: Baixando de: https://gitlab.com/josieljefferson12/playlists/-/raw/main/PiauiTV.m3u
2026-10-02 09:31:11,957 - ERROR - Falha ao baixar https://gitlab.com/josieljefferson12/playlists/-/raw/main/PiauiTV.m3u. Código: 403
2026-10-02 09:31:11,957 - ERROR - Erro na tentativa 3 de 3: Falha ao baixar https://gitlab.com/josieljefferson12/playlists/-/raw/main/PiauiTV.m3u. Código: 403
2026-10-02 09:31:11,957 - ERROR - Falha após 3 tentativas: https://gitlab.com/josieljefferson12/playlists/-/raw/main/PiauiTV.m3u
2026-10-02 09:31:11,957 - INFO - Tentativa 1 de 3: Baixando de: https://gitlab.com/josieljefferson12/playlists/-/raw/main/pornstars.m3u
2026-10-02 09:31:11,965 - ERROR - Falha ao baixar https://gitlab.com/josieljefferson12/playlists/-/raw/main/m3u4u_proton.me.m3u. Código: 403
2026-10-02 09:31:11,965 - ERROR - Erro na tentativa 3 de 3: Falha ao baixar https://gitlab.com/josieljefferson12/playlists/-/raw/main/m3u4u_proton.me.m3u. Código: 403
2026-10-02 09:31:11,965 - ERROR - Falha após 3 tentativas: https://gitlab.com/josieljefferson12/playlists/-/raw/main/m3u4u_proton.me.m3u
2026-10-02 09:31:11,965 - INFO - Tentativa 1 de 3: Baixando de: http://m3u4u.com/epg/3wk1y24kx7uzdevxygz7
2026-10-02 09:31:11,983 - INFO - Tentativa 3 de 3: Baixando de: http://m3u4u.com/m3u/782dyqdrqkh1xegen4zp
2026-10-02 09:31:12,140 - ERROR - Falha ao baixar https://gitlab.com/josieljefferson12/playlists/-/raw/main/pornstars.m3u. Código: 403
2026-10-02 09:31:12,140 - ERROR - Erro na tentativa 1 de 3: Falha ao baixar https://gitlab.com/josieljefferson12/playlists/-/raw/main/pornstars.m3u. Código: 403
2026-10-02 09:31:12,140 - INFO - Aguardando 2 segundos antes de tentar novamente...
2026-10-02 09:31:12,185 - ERROR - Falha ao baixar http://m3u4u.com/m3u/782dyqdrqkh1xegen4zp. Código: 404
2026-10-02 09:31:12,185 - ERROR - Erro na tentativa 3 de 3: Falha ao baixar http://m3u4u.com/m3u/782dyqdrqkh1xegen4zp. Código: 404
2026-10-02 09:31:12,185 - ERROR - Falha após 3 tentativas: http://m3u4u.com/m3u/782dyqdrqkh1xegen4zp
2026-10-02 09:31:12,185 - INFO - Tentativa 1 de 3: Baixando de: http://m3u4u.com/epg/782dyqdrqkh1xegen4zp
2026-10-02 09:31:12,365 - ERROR - Falha ao baixar http://m3u4u.com/epg/782dyqdrqkh1xegen4zp. Código: 404
2026-10-02 09:31:12,365 - ERROR - Erro na tentativa 1 de 3: Falha ao baixar http://m3u4u.com/epg/782dyqdrqkh1xegen4zp. Código: 404
2026-10-02 09:31:12,365 - INFO - Aguardando 2 segundos antes de tentar novamente...
2026-10-02 09:31:13,210 - INFO - Download concluído: /home/runner/work/josieljluz.github.io.../josieljluz.github.io.../epgbrasil.xml.gz (60031 bytes)
2026-10-02 09:31:13,210 - INFO - Hash MD5 do arquivo: 7e2e7952f1c4ed27d376d6b4abddbea3
2026-10-02 09:31:13,210 - INFO - Tentativa 1 de 3: Baixando de: http://m3u4u.com/epg/jq2zy9epr3bwxmgwyxr5
2026-10-02 09:31:13,638 - INFO - Tentativa 3 de 3: Baixando de: https://gitlab.com/josieljefferson12/playlists/-/raw/main/playlist.m3u
2026-10-02 09:31:13,791 - ERROR - Falha ao baixar https://gitlab.com/josieljefferson12/playlists/-/raw/main/playlist.m3u. Código: 403
2026-10-02 09:31:13,791 - ERROR - Erro na tentativa 3 de 3: Falha ao baixar https://gitlab.com/josieljefferson12/playlists/-/raw/main/playlist.m3u. Código: 403
2026-10-02 09:31:13,791 - ERROR - Falha após 3 tentativas: https://gitlab.com/josieljefferson12/playlists/-/raw/main/playlist.m3u
2026-10-02 09:31:13,907 - INFO - Tentativa 3 de 3: Baixando de: https://gitlab.com/josielluz/playlists/-/raw/main/playlists.m3u
2026-10-02 09:31:14,091 - ERROR - Falha ao baixar https://gitlab.com/josielluz/playlists/-/raw/main/playlists.m3u. Código: 403
2026-10-02 09:31:14,091 - ERROR - Erro na tentativa 3 de 3: Falha ao baixar https://gitlab.com/josielluz/playlists/-/raw/main/playlists.m3u. Código: 403
2026-10-02 09:31:14,091 - ERROR - Falha após 3 tentativas: https://gitlab.com/josielluz/playlists/-/raw/main/playlists.m3u
2026-10-02 09:31:14,142 - INFO - Tentativa 2 de 3: Baixando de: https://gitlab.com/josieljefferson12/playlists/-/raw/main/pornstars.m3u
2026-10-02 09:31:14,307 - ERROR - Falha ao baixar https://gitlab.com/josieljefferson12/playlists/-/raw/main/pornstars.m3u. Código: 403
2026-10-02 09:31:14,307 - ERROR - Erro na tentativa 2 de 3: Falha ao baixar https://gitlab.com/josieljefferson12/playlists/-/raw/main/pornstars.m3u. Código: 403
2026-10-02 09:31:14,307 - INFO - Aguardando 4 segundos antes de tentar novamente...
2026-10-02 09:31:14,367 - INFO - Tentativa 2 de 3: Baixando de: http://m3u4u.com/epg/782dyqdrqkh1xegen4zp
2026-10-02 09:31:14,471 - INFO - Download concluído: /home/runner/work/josieljluz.github.io.../josieljluz.github.io.../epgportugal.xml.gz (449467 bytes)
2026-10-02 09:31:14,472 - INFO - Hash MD5 do arquivo: 87f7b9bdbd7e1917b404b026681a5509
2026-10-02 09:31:14,637 - ERROR - Falha ao baixar http://m3u4u.com/epg/782dyqdrqkh1xegen4zp. Código: 404
2026-10-02 09:31:14,637 - ERROR - Erro na tentativa 2 de 3: Falha ao baixar http://m3u4u.com/epg/782dyqdrqkh1xegen4zp. Código: 404
2026-10-02 09:31:14,637 - INFO - Aguardando 4 segundos antes de tentar novamente...
2026-10-02 09:31:18,311 - INFO - Tentativa 3 de 3: Baixando de: https://gitlab.com/josieljefferson12/playlists/-/raw/main/pornstars.m3u
2026-10-02 09:31:18,468 - ERROR - Falha ao baixar https://gitlab.com/josieljefferson12/playlists/-/raw/main/pornstars.m3u. Código: 403
2026-10-02 09:31:18,469 - ERROR - Erro na tentativa 3 de 3: Falha ao baixar https://gitlab.com/josieljefferson12/playlists/-/raw/main/pornstars.m3u. Código: 403
2026-10-02 09:31:18,469 - ERROR - Falha após 3 tentativas: https://gitlab.com/josieljefferson12/playlists/-/raw/main/pornstars.m3u
2026-10-02 09:31:18,641 - INFO - Tentativa 3 de 3: Baixando de: http://m3u4u.com/epg/782dyqdrqkh1xegen4zp
2026-10-02 09:31:18,814 - ERROR - Falha ao baixar http://m3u4u.com/epg/782dyqdrqkh1xegen4zp. Código: 404
2026-10-02 09:31:18,814 - ERROR - Erro na tentativa 3 de 3: Falha ao baixar http://m3u4u.com/epg/782dyqdrqkh1xegen4zp. Código: 404
2026-10-02 09:31:18,814 - ERROR - Falha após 3 tentativas: http://m3u4u.com/epg/782dyqdrqkh1xegen4zp
2026-10-02 09:31:18,815 - INFO - Downloads concluídos. Sucessos: 4, Falhas: 7
2026-10-02 09:31:18,815 - WARNING - Atenção: 7 arquivos falharam no download
